// Jest Snapshot v1, https://goo.gl/fbAQLP

exports[`Basic rendering should render 1`] = `"<div tabindex=\\"-1\\" class=\\"block-editor-link-control\\"><form><div class=\\"block-editor-link-control__search-input-wrapper\\"><div class=\\"components-base-control block-editor-url-input block-editor-link-control__search-input\\"><div class=\\"components-base-control__field\\"><input type=\\"text\\" aria-label=\\"URL\\" required=\\"\\" placeholder=\\"Search or type url\\" role=\\"combobox\\" aria-expanded=\\"false\\" aria-autocomplete=\\"list\\" aria-owns=\\"block-editor-url-input-suggestions-0\\" value=\\"\\"></div></div><div class=\\"block-editor-link-control__search-actions\\"><button type=\\"submit\\" class=\\"components-button block-editor-link-control__search-submit has-icon\\" aria-label=\\"Submit\\"><svg aria-hidden=\\"true\\" role=\\"img\\" focusable=\\"false\\" xmlns=\\"http://www.w3.org/2000/svg\\" width=\\"20\\" height=\\"20\\" viewBox=\\"0 0 20 20\\" class=\\"dashicon dashicons-editor-break\\"><path d=\\"M16 4h2v9H7v3l-5-4 5-4v3h9V4z\\"></path></svg></button></div><div role=\\"alert\\" aria-live=\\"assertive\\"></div></div></form></div>"`;
